// Vitest Snapshot v1, https://vitest.dev/guide/snapshot.html

exports[`voice catalog — snapshot > matches the committed catalog snapshot 1`] = `
{
  "addButton": [
    "Add it!!!",
    "Make it so!",
    "Slam it on the list",
    "Lock and load",
    "Incoming task!",
  ],
  "addPlaceholder": [
    "Type a task. Any task. Make it count.",
    "What are we destroying today?",
    "Drop a task in here, champion.",
    "Name your next victim (it's a task).",
    "What needs doing? Say it loud.",
  ],
  "allTasksComplete": [
    "Every. Single. Task. Destroyed. Go treat yourself, champion.",
    "List cleared. You are unstoppable.",
    "Total victory. Nothing left standing.",
    "Flawless. The list never stood a chance.",
    "All done! Cue the explosions. 🎆",
  ],
  "appTitle": [
    "BeMad — get s*** done, explosively",
    "BeMad — your tasks, your carnage",
    "BeMad — the loudest todo list alive",
    "BeMad — write it, crush it, repeat",
    "BeMad — task annihilation station",
  ],
  "completionToast": [
    "Boom! Another one down. You absolute legend.",
    "Task obliterated. The crowd goes wild!",
    "Yes!!! One less thing between you and glory.",
    "That's how it's done, champion.",
    "Kaboom! Chalk up another win.",
  ],
  "deleteButton": [
    "Obliterate",
    "Annihilate",
    "Blow it up",
    "Vaporize",
    "Send it to the void",
  ],
  "deleteCancelButton": [
    "uh, nevermind",
    "wait, no",
    "keep it",
    "on second thought…",
    "abort abort",
  ],
  "deleteConfirmButton": [
    "Yes, annihilate",
    "Do it",
    "No mercy",
    "Detonate it",
    "Gone forever",
  ],
  "deleteConfirmPrompt": [
    "This task is gone forever. No regrets. Delete it?",
    "You sure? This one ain't coming back.",
    "Point of no return. Wipe this task?",
    "Last chance — obliterate this for good?",
    "Deleting is forever. You got the guts?",
  ],
  "dismissButton": [
    "Shrug it off",
    "Got it, move on",
    "Dismiss the wreckage",
    "Fine, whatever",
    "Clear it",
  ],
  "editButton": [
    "Change it",
    "Fix it up",
    "Reword this beast",
    "Tweak it",
    "Patch it",
  ],
  "editCancelButton": [
    "Nevermind that",
    "Back it out",
    "Leave it be",
    "Scrap the change",
    "Never happened",
  ],
  "emptyState": [
    "Your list is empty and that is beautiful. Nothing to do = total freedom.",
    "No tasks. Nothing. Zilch. You magnificent machine.",
    "The list is clear. Go enjoy your hard-earned chaos.",
    "Empty list detected. Threat level: zero. Nice.",
    "Nothing here yet. Type something above and we ride.",
  ],
  "genericError": [
    "Something blew up — and not the fun way. Try again?",
    "Welp. That didn't work. Let's go again.",
    "Error! But we don't quit. Retry?",
    "That move misfired. Give it another shot.",
    "S*** happened. Reload the cannon and retry.",
  ],
  "loadingState": [
    "Loading your tasks at maximum velocity…",
    "Revving the engines…",
    "Summoning your tasks from the void…",
    "Hang on, pulling the goods…",
    "Spinning up the task cannon…",
  ],
  "networkError": [
    "The internet betrayed us. Your task didn't save. Retry?",
    "Connection went boom. Nothing saved. Try again.",
    "Lost the signal, lost the save. Hit retry.",
    "The server ghosted us. Your change didn't stick.",
    "No save. The network's being a coward. Go again.",
  ],
  "notFoundError": [
    "That task pulled a disappearing act. It's already gone.",
    "Can't find it — someone already blew it up.",
    "Vanished. That task doesn't exist anymore.",
    "Ghost task! It's not here to obliterate.",
    "Too late — that one already left the battlefield.",
  ],
  "retryButton": [
    "Try again, dammit",
    "Reload and fire",
    "One more time",
    "Go again",
    "Hit it again",
  ],
  "saveButton": [
    "Lock it in",
    "Save the carnage",
    "Make it official",
    "Done, save it",
    "Seal the deal",
  ],
  "savingPending": [
    "Saving this beast…",
    "Locking it in…",
    "Committing to the carnage…",
    "Making it official…",
    "Bolting it down…",
  ],
  "validationEmpty": [
    "Say something! An empty task is no task at all.",
    "Nothing to add — give it some words, champion.",
    "Whoa, blank task. Type an actual task first.",
    "The void can't be a task. Write something.",
    "Empty input detected. Feed it a real task.",
  ],
  "validationTooLong": [
    "Whoa, too much power — trim that task down a bit.",
    "That's a novel, not a task. Shorten it.",
    "Too long! Even we have limits. Cut it back.",
    "Easy, wordsmith — that task's over the line. Trim it.",
    "That task's too huge to contain. Make it shorter.",
  ],
}
`;
